INFO:sim:172 - Generating IP...
Applying current project options...
Finished applying current project options.
WARNING:sim - A core named 'dcm' already exists in the project. Output products
   for this core may be overwritten.
Resolving generics for 'dcm'...
WARNING:sim - A core named 'dcm' already exists in the project. Output products
   for this core may be overwritten.
Applying external generics to 'dcm'...
Delivering associated files for 'dcm'...
WARNING:sim - Component clk_wiz_v3_6 does not have a valid model name for
   Verilog synthesis
Delivering EJava files for 'dcm'...
Delivered 3 files into directory
/home/andy/Documents/Projects/Retrocomp/ZX-Spectrum/karabas-go/karabas-go-core-n
ext186/src/ipcore_dir/tmp/_cg/dcm
Delivered 1 file into directory
/home/andy/Documents/Projects/Retrocomp/ZX-Spectrum/karabas-go/karabas-go-core-n
ext186/src/ipcore_dir/tmp/_cg/dcm
Generating ASY schematic symbol...
Loading device for application Rf_Device from file '6slx25.nph' in environment
/opt/Xilinx/14.7/ISE_DS/ISE/.
INFO:sim:949 - Finished generation of ASY schematic symbol.
Generating SYM schematic symbol for 'dcm'...
Generating ISE project...
XCO file found: dcm.xco
XMDF file found: dcm_xmdf.tcl
Adding
/home/andy/Documents/Projects/Retrocomp/ZX-Spectrum/karabas-go/karabas-go-core-n
ext186/src/ipcore_dir/tmp/_cg/dcm.asy -view all -origin_type imported
Adding
/home/andy/Documents/Projects/Retrocomp/ZX-Spectrum/karabas-go/karabas-go-core-n
ext186/src/ipcore_dir/tmp/_cg/dcm.ucf -view all -origin_type created
Adding
/home/andy/Documents/Projects/Retrocomp/ZX-Spectrum/karabas-go/karabas-go-core-n
ext186/src/ipcore_dir/tmp/_cg/dcm.v -view all -origin_type created
INFO:HDLCompiler:1845 - Analyzing Verilog file
   "/home/andy/Documents/Projects/Retrocomp/ZX-Spectrum/karabas-go/karabas-go-co
   re-next186/src/ipcore_dir/tmp/_cg/dcm.v" into library work
INFO:ProjectMgmt - Parsing design hierarchy completed successfully.
Adding
/home/andy/Documents/Projects/Retrocomp/ZX-Spectrum/karabas-go/karabas-go-core-n
ext186/src/ipcore_dir/tmp/_cg/dcm.veo -view all -origin_type imported
INFO:TclTasksC:2116 - The automatic calculation of top has been turned-off.
   Please set the new top explicitly by running the "project set top" command.
   To re-calculate the new top automatically, set the "Auto Implementation Top"
   property to true.
Top level has been set to "/dcm"
Generating README file...
Generating FLIST file...
INFO:sim:948 - Finished FLIST file generation.
Launching README viewer...
Moving files to output directory...
Finished moving files to output directory
Wrote CGP file for project 'dcm'.
